// Jest Snapshot v1, https://goo.gl/fbAQLP

exports[`SearchContainer should to match snapshot 1`] = `
<ContextConsumer>
  <Component />
</ContextConsumer>
`;
