// Jest Snapshot v1, https://goo.gl/fbAQLP

exports[`App should to match snapshot 1`] = `
<div
  className="app"
>
  <main
    className="main"
  >
    <h1>
      The New York Times Article Search
    </h1>
    <Connect(SearchContainer) />
  </main>
</div>
`;
